**
(hkustthesis.ins
LaTeX2e <2021-11-15> patch level 1
L3 programming layer <2022-02-24> (l3docstrip.tex (docstrip
\blockLevel=\count181
\emptyLines=\count182
\processedLines=\count183
\commentsRemoved=\count184
\commentsPassed=\count185
\codeLinesPassed=\count186
\TotalprocessedLines=\count187
\TotalcommentsRemoved=\count188
\TotalcommentsPassed=\count189
\TotalcodeLinesPassed=\count190
\NumberOfFiles=\count191
\inFile=\read2
\inputcheck=\read3
\off@0=\count192
\off@1=\count193
\off@2=\count194
\off@3=\count195
\off@4=\count196
\off@5=\count197
\off@6=\count198
\off@7=\count199
\off@8=\count266
\off@9=\count267
\off@10=\count268
\off@11=\count269
\off@12=\count270
\off@13=\count271
\off@14=\count272
\off@15=\count273
\@maxfiles=\count274
\@maxoutfiles=\count275

Utility: `docstrip' v2.6a <2020-11-23>
English documentation    <2020-11-23>

**********************************************************
* This program converts documented macro-files into fast *
* loadable files by stripping off (nearly) all comments! *
**********************************************************

********************************************************
* No Configuration file found, using default settings. *
********************************************************

))

Generating file(s) ./hkustthesis.cls 
\openout0 = `./hkustthesis.cls'.


Processing file hkustthesis.dtx (class) -> hkustthesis.cls
Lines  processed: 1981
Comments removed: 1092
Comments  passed: 5
Codelines passed: 861

 )
No pages of output.
