\BOOKMARK [1][-]{section*.1}{\376\377\134\001\227\142\000\040\000C\000o\000v\000e\000r}{}% 1
\BOOKMARK [1][-]{toc1.1}{\376\377\000r\000e\000d\166\356\137\125\000\040\000C\000o\000n\000t\000e\000n\000t\000s}{}% 2
\BOOKMARK [1][-]{section.0.1}{\376\377\173\054\0001\202\202\000\040\152\041\147\177\116\313\176\315\000\040\000I\000n\000t\000r\000o\000d\000u\000c\000t\000i\000o\000n\000\040\000t\000o\000\040\000t\000h\000i\000s\000\040\000t\000e\000m\000p\000l\000a\000t\000e}{}% 3
\BOOKMARK [2][-]{subsection.0.1.1}{\376\377\0001\000.\0001\000\040\122\250\147\072\000\040\000M\000o\000t\000i\000v\000a\000t\000i\000o\000n}{section.0.1}% 4
\BOOKMARK [2][-]{subsection.0.1.2}{\376\377\0001\000.\0002\000\040\145\207\150\143\176\323\147\204\000\040\000D\000o\000c\000u\000m\000e\000n\000t\000a\000t\000i\000o\000n\000\040\000s\000t\000r\000u\000c\000t\000u\000r\000e}{section.0.1}% 5
\BOOKMARK [1][-]{section.0.2}{\376\377\173\054\0002\202\202\000\040\135\345\153\062\125\204\121\166\116\213\377\014\137\305\121\110\122\051\121\166\126\150\000\040\000P\000r\000e\000p\000a\000r\000a\000t\000i\000o\000n\000s\000\040\000b\000e\000f\000o\000r\000e\000\040\000s\000t\000a\000r\000t}{}% 6
\BOOKMARK [2][-]{subsection.0.2.1}{\376\377\0002\000.\0001\000\040\000L\000a\000T\000e\000X\121\145\225\350\000\040\000I\000n\000t\000r\000o\000d\000u\000c\000t\000i\000o\000n\000\040\000t\000o\000\040\000L\000a\000T\000e\000X}{section.0.2}% 7
\BOOKMARK [2][-]{subsection.0.2.2}{\376\377\0002\000.\0002\000\040\220\011\142\351\000L\000a\000T\000e\000X\163\257\130\203\000\040\000C\000h\000o\000o\000s\000e\000\040\000L\000a\000T\000e\000X\000\040\000e\000n\000v\000i\000r\000o\000n\000m\000e\000n\000t}{section.0.2}% 8
\BOOKMARK [3][-]{subsubsection.0.2.2.1}{\376\377\0002\000.\0002\000.\0001\000\040\127\050\176\277\177\026\213\321\000\040\000C\000o\000m\000p\000i\000l\000e\000\040\000o\000n\000l\000i\000n\000e}{subsection.0.2.2}% 9
\BOOKMARK [3][-]{subsubsection.0.2.2.2}{\376\377\0002\000.\0002\000.\0002\000\040\147\054\127\060\177\026\213\321\000\040\000C\000o\000m\000p\000i\000l\000e\000\040\000l\000o\000c\000a\000l\000l\000y}{subsection.0.2.2}% 10
\BOOKMARK [2][-]{subsection.0.2.3}{\376\377\0002\000.\0003\000\040\177\026\217\221\126\150\000\040\000E\000d\000i\000t\000o\000r\000s}{section.0.2}% 11
\BOOKMARK [1][-]{section.0.3}{\376\377\173\054\0003\202\202\000\040\177\026\213\321\000\040\000C\000o\000m\000p\000i\000l\000e}{}% 12
\BOOKMARK [2][-]{subsection.0.3.1}{\376\377\0003\000.\0001\000\040\127\050\176\277\177\026\213\321\000\040\000C\000o\000m\000p\000i\000l\000e\000\040\000o\000n\000l\000i\000n\000e}{section.0.3}% 13
\BOOKMARK [2][-]{subsection.0.3.2}{\376\377\0003\000.\0002\000\040\147\054\127\060\177\026\213\321\000\040\000C\000o\000m\000p\000i\000l\000e\000\040\000l\000o\000c\000a\000l\000l\000y}{section.0.3}% 14
\BOOKMARK [3][-]{subsubsection.0.3.2.1}{\376\377\0003\000.\0002\000.\0001\000\040\203\267\123\326\147\054\152\041\147\177\000\040\000O\000b\000t\000a\000i\000n\000\040\000t\000h\000i\000s\000\040\000t\000e\000m\000p\000l\000a\000t\000e}{subsection.0.3.2}% 15
\BOOKMARK [3][-]{subsubsection.0.3.2.2}{\376\377\0003\000.\0002\000.\0002\000\040\143\250\203\120\177\026\213\321\145\271\137\017\000\040\000R\000e\000c\000o\000m\000m\000e\000n\000d\000e\000d\000\040\000c\000o\000m\000p\000i\000l\000e\000\040\000m\000e\000t\000h\000o\000d}{subsection.0.3.2}% 16
\BOOKMARK [3][-]{subsubsection.0.3.2.3}{\376\377\0003\000.\0002\000.\0003\000\040\000l\000a\000t\000e\000x\000m\000k}{subsection.0.3.2}% 17
\BOOKMARK [3][-]{subsubsection.0.3.2.4}{\376\377\0003\000.\0002\000.\0004\000\040\000X\000e\000L\000a\000T\000e\000X}{subsection.0.3.2}% 18
\BOOKMARK [1][-]{section.0.4}{\376\377\173\054\0004\202\202\000\040\144\260\121\231\213\272\145\207\000\040\000C\000o\000m\000p\000o\000s\000e\000\040\000t\000h\000e\000s\000i\000s}{}% 19
\BOOKMARK [2][-]{subsection.0.4.1}{\376\377\0004\000.\0001\000\040\145\207\116\366\176\323\147\204\000\040\000F\000i\000l\000e\000\040\000s\000t\000r\000u\000c\000t\000u\000r\000e}{section.0.4}% 20
\BOOKMARK [2][-]{subsection.0.4.2}{\376\377\0004\000.\0002\000\040\116\073\145\207\116\366\116\313\176\315\000\040\000I\000n\000t\000r\000o\000d\000u\000c\000t\000i\000o\000n\000\040\000t\000o\000\040\000m\000a\000i\000n\000\040\000t\000e\000x\000\040\000f\000i\000l\000e}{section.0.4}% 21
\BOOKMARK [3][-]{subsubsection.0.4.2.1}{\376\377\0004\000.\0002\000.\0001\000\040\145\207\150\143\220\011\230\171\000\040\000D\000o\000c\000u\000m\000e\000n\000t\000\040\000o\000p\000t\000i\000o\000n\000s}{subsection.0.4.2}% 22
\BOOKMARK [3][-]{subsubsection.0.4.2.2}{\376\377\0004\000.\0002\000.\0002\000\040\213\272\145\207\117\341\140\157\000\040\000T\000h\000e\000s\000i\000s\000\040\000i\000n\000f\000o\000r\000m\000a\000t\000i\000o\000n}{subsection.0.4.2}% 23
\BOOKMARK [3][-]{subsubsection.0.4.2.3}{\376\377\0004\000.\0002\000.\0003\000\040\133\374\212\000\123\072\122\151\117\131\220\350\122\006\000\040\000r\000e\000m\000a\000i\000n\000i\000n\000g\000\040\000p\000a\000r\000t\000s\000\040\000i\000n\000\040\000p\000r\000e\000a\000m\000b\000l\000e}{subsection.0.4.2}% 24
\BOOKMARK [2][-]{subsection.0.4.3}{\376\377\0004\000.\0003\000\040\153\143\145\207\124\004\172\340\202\202\000\040\000c\000h\000a\000p\000t\000e\000r\000s\000\040\000i\000n\000\040\000m\000a\000i\000n\000\040\000t\000e\000x\000t}{section.0.4}% 25
\BOOKMARK [2][-]{subsection.0.4.4}{\376\377\0004\000.\0004\000\040\226\104\137\125\172\340\202\202\000\040\000A\000p\000p\000e\000n\000d\000i\000x\000\040\000c\000h\000a\000p\000t\000e\000r\000s}{section.0.4}% 26
\BOOKMARK [3][-]{subsubsection.0.4.4.1}{\376\377\0004\000.\0004\000.\0001\000\040\123\321\210\150\145\207\172\340\122\027\210\150\000\040\000L\000i\000s\000t\000\040\000o\000f\000\040\000P\000u\000b\000l\000i\000c\000a\000t\000i\000o\000n\000s}{subsection.0.4.4}% 27
\BOOKMARK [1][-]{section.0.5}{\376\377\173\054\0005\202\202\000\040\133\236\163\260\000\040\000I\000m\000p\000l\000e\000m\000e\000n\000t\000a\000t\000i\000o\000n}{}% 28
\BOOKMARK [2][-]{subsection.0.5.1}{\376\377\0005\000.\0001\000\040\000K\000n\000o\000w\000n\000\040\000i\000s\000s\000u\000e\000s\000\040\000\046\000\040\000T\000O\000D\000O}{section.0.5}% 29
\BOOKMARK [2][-]{subsection.0.5.2}{\376\377\0005\000.\0002\000\040\133\232\116\111\136\070\221\317}{section.0.5}% 30
\BOOKMARK [2][-]{subsection.0.5.3}{\376\377\0005\000.\0003\000\040\152\041\147\177\220\011\230\171}{section.0.5}% 31
\BOOKMARK [2][-]{subsection.0.5.4}{\376\377\0005\000.\0004\000\040\213\272\145\207\117\341\140\157}{section.0.5}% 32
\BOOKMARK [2][-]{subsection.0.5.5}{\376\377\0005\000.\0005\000\040\217\175\121\145\145\207\150\143\174\173}{section.0.5}% 33
\BOOKMARK [2][-]{subsection.0.5.6}{\376\377\0005\000.\0006\000\040\217\175\121\145\133\217\123\005}{section.0.5}% 34
\BOOKMARK [2][-]{subsection.0.5.7}{\376\377\0005\000.\0007\000\040\133\127\117\123\213\276\177\156}{section.0.5}% 35
\BOOKMARK [3][-]{subsubsection.0.5.7.1}{\376\377\0005\000.\0007\000.\0001\000\040\144\315\117\134\174\373\176\337\150\300\155\113}{subsection.0.5.7}% 36
\BOOKMARK [3][-]{subsubsection.0.5.7.2}{\376\377\0005\000.\0007\000.\0002\000\040\133\232\116\111\202\361\145\207\133\127\136\223}{subsection.0.5.7}% 37
\BOOKMARK [3][-]{subsubsection.0.5.7.3}{\376\377\0005\000.\0007\000.\0003\000\040\217\175\121\145\143\007\133\232\133\127\136\223}{subsection.0.5.7}% 38
\BOOKMARK [2][-]{subsection.0.5.8}{\376\377\0005\000.\0008\000\040\230\165\227\142\136\003\134\100}{section.0.5}% 39
\BOOKMARK [3][-]{subsubsection.0.5.8.1}{\376\377\0005\000.\0008\000.\0001\000\040\230\165\217\271\215\335}{subsection.0.5.8}% 40
\BOOKMARK [3][-]{subsubsection.0.5.8.2}{\376\377\0005\000.\0008\000.\0002\000\040\230\165\167\011\230\165\201\032}{subsection.0.5.8}% 41
\BOOKMARK [2][-]{subsection.0.5.9}{\376\377\0005\000.\0009\000\040\172\340\202\202\150\007\230\230}{section.0.5}% 42
\BOOKMARK [2][-]{subsection.0.5.10}{\376\377\0005\000.\0001\0000\000\040\166\356\137\125}{section.0.5}% 43
\BOOKMARK [2][-]{subsection.0.5.11}{\376\377\0005\000.\0001\0001\000\040\122\115\212\000\201\364\214\042}{section.0.5}% 44
\BOOKMARK [2][-]{subsection.0.5.12}{\376\377\0005\000.\0001\0002\000\040\134\001\227\142}{section.0.5}% 45
\BOOKMARK [3][-]{subsubsection.0.5.12.1}{\376\377\0005\000.\0001\0002\000.\0001\000\040\121\205\220\350\124\175\116\344}{subsection.0.5.12}% 46
\BOOKMARK [3][-]{subsubsection.0.5.12.2}{\376\377\0005\000.\0001\0002\000.\0002\000\040\176\330\122\066\134\001\227\142}{subsection.0.5.12}% 47
\BOOKMARK [2][-]{subsection.0.5.13}{\376\377\0005\000.\0001\0003\000\040\144\130\211\201}{section.0.5}% 48
\BOOKMARK [2][-]{subsection.0.5.14}{\376\377\0005\000.\0001\0004\000\040\000A\000u\000t\000h\000o\000r\000i\000z\000a\000t\000i\000o\000n}{section.0.5}% 49
\BOOKMARK [2][-]{subsection.0.5.15}{\376\377\0005\000.\0001\0005\000\040\000S\000i\000g\000n\000a\000t\000u\000r\000e\000\040\000P\000a\000g\000e}{section.0.5}% 50
\BOOKMARK [2][-]{subsection.0.5.16}{\376\377\0005\000.\0001\0006\000\040\123\302\200\003\145\207\163\056}{section.0.5}% 51
\BOOKMARK [2][-]{subsection.0.5.17}{\376\377\0005\000.\0001\0007\000\040\000L\000i\000s\000t\000\040\000o\000f\000\040\000P\000u\000b\000l\000i\000c\000a\000t\000i\000o\000n\000s}{section.0.5}% 52
\BOOKMARK [2][-]{subsection.0.5.18}{\376\377\0005\000.\0001\0008\000\040\000C\000r\000o\000s\000s\000\040\000R\000e\000f\000e\000r\000e\000n\000c\000e}{section.0.5}% 53
\BOOKMARK [2][-]{subsection.0.5.19}{\376\377\0005\000.\0001\0009\000\040\126\376\210\150\155\156\122\250\117\123}{section.0.5}% 54
\BOOKMARK [3][-]{subsubsection.0.5.19.1}{\376\377\0005\000.\0001\0009\000.\0001\000\040\126\376\162\107\210\150\150\074}{subsection.0.5.19}% 55
\BOOKMARK [3][-]{subsubsection.0.5.19.2}{\376\377\0005\000.\0001\0009\000.\0002\000\040\116\343\170\001}{subsection.0.5.19}% 56
\BOOKMARK [3][-]{subsubsection.0.5.19.3}{\376\377\0005\000.\0001\0009\000.\0003\000\040\122\027\210\150}{subsection.0.5.19}% 57
\BOOKMARK [2][-]{subsection.0.5.20}{\376\377\0005\000.\0002\0000\000\040\133\232\164\006\163\257\130\203}{section.0.5}% 58
