\BOOKMARK [0][-]{chapter.1}{\376\377\000L\000i\000t\000e\000r\000a\000t\000u\000r\000e\000\040\000R\000e\000v\000i\000e\000w}{}% 1
\BOOKMARK [1][-]{section.1.1}{\376\377\000L\000o\000w\000-\000G\000r\000a\000d\000e\000\040\000H\000e\000a\000t\000\040\000a\000n\000d\000\040\000T\000h\000e\000r\000m\000o\000e\000l\000e\000c\000t\000r\000i\000c\000\040\000M\000a\000t\000e\000r\000i\000a\000l\000s}{chapter.1}% 2
\BOOKMARK [2][-]{subsection.1.1.1}{\376\377\000H\000i\000s\000t\000o\000r\000i\000c\000a\000l\000\040\000D\000e\000v\000e\000l\000o\000p\000m\000e\000n\000t}{section.1.1}% 3
\BOOKMARK [2][-]{subsection.1.1.2}{\376\377\000T\000h\000e\000r\000m\000o\000d\000i\000f\000f\000u\000s\000i\000o\000n\000\040\000a\000n\000d\000\040\000T\000h\000e\000r\000m\000o\000g\000a\000l\000v\000a\000n\000i\000c\000\040\000C\000o\000n\000v\000e\000r\000s\000i\000o\000n}{section.1.1}% 4
\BOOKMARK [1][-]{section.1.2}{\376\377\000S\000o\000l\000v\000a\000t\000i\000o\000n\000\040\000E\000n\000t\000r\000o\000p\000y\000\040\000D\000i\000f\000f\000e\000r\000e\000n\000c\000e\000\040\000i\000n\000\040\000T\000h\000e\000r\000m\000o\000g\000a\000l\000v\000a\000n\000i\000c\000\040\000C\000e\000l\000l\000s}{chapter.1}% 5
\BOOKMARK [2][-]{subsection.1.2.1}{\376\377\000R\000o\000l\000e\000\040\000o\000f\000\040\000S\000o\000l\000v\000a\000t\000i\000o\000n\000\040\000E\000n\000t\000r\000o\000p\000y}{section.1.2}% 6
\BOOKMARK [2][-]{subsection.1.2.2}{\376\377\000E\000n\000t\000r\000o\000p\000y\000\040\000D\000i\000f\000f\000e\000r\000e\000n\000c\000e\000\040\000a\000n\000d\000\040\000C\000o\000n\000c\000e\000n\000t\000r\000a\000t\000i\000o\000n\000\040\000D\000i\000f\000f\000e\000r\000e\000n\000c\000e}{section.1.2}% 7
\BOOKMARK [2][-]{subsection.1.2.3}{\376\377\000F\000r\000o\000m\000\040\000T\000h\000e\000r\000m\000o\000p\000o\000w\000e\000r\000\040\000t\000o\000\040\000R\000e\000c\000o\000v\000e\000r\000a\000b\000l\000e\000\040\000D\000e\000v\000i\000c\000e\000\040\000O\000u\000t\000p\000u\000t}{section.1.2}% 8
\BOOKMARK [1][-]{section.1.3}{\376\377\000R\000e\000d\000o\000x\000\040\000C\000o\000u\000p\000l\000e\000s}{chapter.1}% 9
\BOOKMARK [2][-]{subsection.1.3.1}{\376\377\000F\000e\000r\000r\000i\000/\000F\000e\000r\000r\000o\000c\000y\000a\000n\000i\000d\000e\000\040\000R\000e\000d\000o\000x\000\040\000C\000o\000u\000p\000l\000e}{section.1.3}% 10
\BOOKMARK [2][-]{subsection.1.3.2}{\376\377\000I\000r\000o\000n\000\040\000A\000q\000u\000a\000\040\000C\000o\000m\000p\000l\000e\000x\000e\000s\000\040\000a\000n\000d\000\040\000C\000o\000u\000n\000t\000e\000r\000i\000o\000n\000\040\000S\000e\000n\000s\000i\000t\000i\000v\000i\000t\000y}{section.1.3}% 11
\BOOKMARK [2][-]{subsection.1.3.3}{\376\377\000I\000o\000d\000i\000d\000e\000/\000T\000r\000i\000i\000o\000d\000i\000d\000e\000\040\000a\000n\000d\000\040\000S\000u\000p\000r\000a\000m\000o\000l\000e\000c\000u\000l\000a\000r\000\040\000S\000e\000l\000e\000c\000t\000i\000v\000i\000t\000y}{section.1.3}% 12
\BOOKMARK [2][-]{subsection.1.3.4}{\376\377\000M\000e\000t\000a\000l\000-\000C\000o\000m\000p\000l\000e\000x\000\040\000a\000n\000d\000\040\000O\000r\000g\000a\000n\000i\000c\000\040\000R\000e\000d\000o\000x\000\040\000C\000o\000u\000p\000l\000e\000s}{section.1.3}% 13
\BOOKMARK [1][-]{section.1.4}{\376\377\000S\000o\000l\000v\000e\000n\000t\000s\000\040\000a\000n\000d\000\040\000A\000d\000d\000i\000t\000i\000v\000e\000s}{chapter.1}% 14
\BOOKMARK [2][-]{subsection.1.4.1}{\376\377\000S\000o\000l\000v\000e\000n\000t\000\040\000E\000n\000g\000i\000n\000e\000e\000r\000i\000n\000g}{section.1.4}% 15
\BOOKMARK [2][-]{subsection.1.4.2}{\376\377\000A\000d\000d\000i\000t\000i\000v\000e\000s\000\040\000a\000s\000\040\000L\000o\000c\000a\000l\000\040\000E\000n\000t\000r\000o\000p\000y\000\040\000M\000o\000d\000i\000f\000i\000e\000r\000s}{section.1.4}% 16
\BOOKMARK [2][-]{subsection.1.4.3}{\376\377\000T\000r\000a\000n\000s\000p\000o\000r\000t\000\040\000a\000n\000d\000\040\000S\000t\000a\000b\000i\000l\000i\000t\000y\000\040\000T\000r\000a\000d\000e\000-\000O\000f\000f\000s}{section.1.4}% 17
\BOOKMARK [1][-]{section.1.5}{\376\377\000H\000y\000d\000r\000o\000g\000e\000l\000\040\000M\000a\000t\000r\000i\000c\000e\000s}{chapter.1}% 18
\BOOKMARK [2][-]{subsection.1.5.1}{\376\377\000G\000e\000l\000a\000t\000i\000n\000\040\000S\000y\000s\000t\000e\000m\000s}{section.1.5}% 19
\BOOKMARK [2][-]{subsection.1.5.2}{\376\377\000P\000V\000A\000\040\000a\000n\000d\000\040\000P\000A\000A\000m\000\040\000S\000y\000s\000t\000e\000m\000s}{section.1.5}% 20
\BOOKMARK [2][-]{subsection.1.5.3}{\376\377\000C\000e\000l\000l\000u\000l\000o\000s\000e\000\040\000a\000n\000d\000\040\000C\000o\000m\000p\000o\000s\000i\000t\000e\000\040\000G\000e\000l\000s}{section.1.5}% 21
\BOOKMARK [2][-]{subsection.1.5.4}{\376\377\000T\000h\000e\000r\000m\000o\000r\000e\000s\000p\000o\000n\000s\000i\000v\000e\000\040\000a\000n\000d\000\040\000F\000u\000n\000c\000t\000i\000o\000n\000a\000l\000\040\000P\000o\000l\000y\000m\000e\000r\000\040\000M\000a\000t\000r\000i\000c\000e\000s}{section.1.5}% 22
\BOOKMARK [2][-]{subsection.1.5.5}{\376\377\000G\000e\000l\000\040\000T\000r\000a\000n\000s\000p\000o\000r\000t\000,\000\040\000T\000h\000e\000r\000m\000a\000l\000\040\000C\000o\000n\000d\000u\000c\000t\000i\000v\000i\000t\000y\000,\000\040\000a\000n\000d\000\040\000D\000e\000v\000i\000c\000e\000\040\000S\000t\000a\000b\000i\000l\000i\000t\000y}{section.1.5}% 23
\BOOKMARK [1][-]{section.1.6}{\376\377\000R\000e\000s\000e\000a\000r\000c\000h\000\040\000G\000a\000p\000s\000\040\000\050\000G\000A\000P\000\051}{chapter.1}% 24
\BOOKMARK [2][-]{subsection.1.6.1}{\376\377\000L\000i\000q\000u\000i\000d\000\040\000E\000l\000e\000c\000t\000r\000o\000l\000y\000t\000e\000s\000:\000\040\000S\000p\000a\000r\000s\000e\000\040\000D\000a\000t\000a\000\040\000a\000n\000d\000\040\000C\000o\000m\000p\000l\000e\000x\000\040\000S\000o\000l\000v\000a\000t\000i\000o\000n}{section.1.6}% 25
\BOOKMARK [2][-]{subsection.1.6.2}{\376\377\000H\000y\000d\000r\000o\000g\000e\000l\000s\000:\000\040\000T\000r\000a\000n\000s\000f\000e\000r\000r\000i\000n\000g\000\040\000L\000i\000q\000u\000i\000d\000-\000S\000t\000a\000t\000e\000\040\000R\000u\000l\000e\000s\000\040\000u\000n\000d\000e\000r\000\040\000P\000o\000l\000y\000m\000e\000r\000\040\000C\000o\000n\000f\000i\000n\000e\000m\000e\000n\000t}{section.1.6}% 26
\BOOKMARK [2][-]{subsection.1.6.3}{\376\377\000A\000\040\000C\000o\000u\000p\000l\000e\000d\000\040\000S\000o\000l\000v\000e\000n\000t\040\023\000P\000o\000l\000y\000m\000e\000r\040\023\000R\000e\000d\000o\000x\000-\000C\000o\000u\000p\000l\000e\000\040\000D\000e\000s\000i\000g\000n\000\040\000S\000p\000a\000c\000e}{section.1.6}% 27
\BOOKMARK [2][-]{subsection.1.6.4}{\376\377\000T\000h\000e\000\040\000N\000e\000e\000d\000\040\000f\000o\000r\000\040\000M\000u\000l\000t\000i\000-\000O\000b\000j\000e\000c\000t\000i\000v\000e\000\040\000O\000p\000t\000i\000m\000i\000z\000a\000t\000i\000o\000n}{section.1.6}% 28
\BOOKMARK [2][-]{subsection.1.6.5}{\376\377\000R\000e\000s\000e\000a\000r\000c\000h\000\040\000D\000i\000r\000e\000c\000t\000i\000o\000n}{section.1.6}% 29
\BOOKMARK [0][-]{chapter.2}{\376\377\000A\000I\000-\000I\000n\000f\000o\000r\000m\000e\000d\000\040\000S\000o\000l\000v\000a\000t\000i\000o\000n\000\040\000E\000n\000g\000i\000n\000e\000e\000r\000i\000n\000g\000\040\000o\000f\000\040\000L\000i\000q\000u\000i\000d\000\040\000T\000h\000e\000r\000m\000o\000g\000a\000l\000v\000a\000n\000i\000c\000\040\000E\000l\000e\000c\000t\000r\000o\000l\000y\000t\000e\000s}{}% 30
\BOOKMARK [1][-]{section.2.1}{\376\377\000L\000e\000a\000r\000n\000i\000n\000g\000\040\000f\000r\000o\000m\000\040\000S\000p\000a\000r\000s\000e\000\040\000T\000h\000e\000r\000m\000o\000g\000a\000l\000v\000a\000n\000i\000c\000\040\000D\000a\000t\000a}{chapter.2}% 31
\BOOKMARK [1][-]{section.2.2}{\376\377\000P\000a\000r\000a\000m\000e\000t\000e\000r\000i\000z\000i\000n\000g\000\040\000t\000h\000e\000\040\000S\000o\000l\000v\000a\000t\000i\000o\000n\040\023\000T\000h\000e\000r\000m\000o\000p\000o\000w\000e\000r\000\040\000R\000e\000l\000a\000t\000i\000o\000n\000s\000h\000i\000p}{chapter.2}% 32
\BOOKMARK [1][-]{section.2.3}{\376\377\000H\000i\000g\000h\000-\000T\000h\000r\000o\000u\000g\000h\000p\000u\000t\000\040\000S\000c\000r\000e\000e\000n\000i\000n\000g\000\040\000u\000n\000d\000e\000r\000\040\000a\000\040\000S\000m\000a\000l\000l\000-\000D\000a\000t\000a\000\040\000C\000o\000n\000s\000t\000r\000a\000i\000n\000t}{chapter.2}% 33
\BOOKMARK [1][-]{section.2.4}{\376\377\000E\000x\000p\000e\000r\000i\000m\000e\000n\000t\000a\000l\000\040\000F\000e\000e\000d\000b\000a\000c\000k\000\040\000a\000n\000d\000\040\000M\000o\000d\000e\000l\000\040\000R\000e\000f\000i\000n\000e\000m\000e\000n\000t}{chapter.2}% 34
\BOOKMARK [1][-]{section.2.5}{\376\377\000V\000a\000l\000i\000d\000a\000t\000i\000o\000n\000\040\000a\000n\000d\000\040\000C\000h\000a\000p\000t\000e\000r\000\040\000S\000u\000m\000m\000a\000r\000y}{chapter.2}% 35
\BOOKMARK [0][-]{chapter.3}{\376\377\000P\000o\000l\000a\000r\000i\000t\000y\000-\000T\000u\000n\000e\000d\000\040\000H\000y\000d\000r\000o\000g\000e\000l\000\040\000E\000l\000e\000c\000t\000r\000o\000l\000y\000t\000e\000s}{}% 36
\BOOKMARK [1][-]{section.3.1}{\376\377\000T\000r\000a\000n\000s\000f\000e\000r\000r\000i\000n\000g\000\040\000L\000i\000q\000u\000i\000d\000-\000S\000t\000a\000t\000e\000\040\000R\000u\000l\000e\000s\000\040\000u\000n\000d\000e\000r\000\040\000P\000o\000l\000y\000m\000e\000r\000\040\000C\000o\000n\000f\000i\000n\000e\000m\000e\000n\000t}{chapter.3}% 37
\BOOKMARK [1][-]{section.3.2}{\376\377\000E\000x\000a\000m\000i\000n\000i\000n\000g\000\040\000S\000o\000l\000v\000e\000n\000t\000\040\000F\000a\000m\000i\000l\000i\000e\000s}{chapter.3}% 38
\BOOKMARK [1][-]{section.3.3}{\376\377\000E\000x\000p\000l\000o\000r\000i\000n\000g\000\040\000a\000n\000d\000\040\000F\000i\000n\000e\000-\000T\000u\000n\000i\000n\000g\000\040\000t\000h\000e\000\040\000V\000o\000l\000c\000a\000n\000o\000\040\000P\000e\000a\000k}{chapter.3}% 39
\BOOKMARK [1][-]{section.3.4}{\376\377\000M\000o\000l\000e\000c\000u\000l\000a\000r\000\040\000O\000r\000i\000g\000i\000n\000\040\000o\000f\000\040\000t\000h\000e\000\040\000E\000n\000h\000a\000n\000c\000e\000d\000\040\000T\000h\000e\000r\000m\000o\000p\000o\000w\000e\000r}{chapter.3}% 40
\BOOKMARK [1][-]{section.3.5}{\376\377\000T\000h\000e\000r\000m\000o\000-\000E\000l\000e\000c\000t\000r\000o\000c\000h\000e\000m\000i\000c\000a\000l\000\040\000a\000n\000d\000\040\000D\000y\000n\000a\000m\000i\000c\000\040\000P\000e\000r\000f\000o\000r\000m\000a\000n\000c\000e}{chapter.3}% 41
\BOOKMARK [1][-]{section.3.6}{\376\377\000C\000h\000a\000p\000t\000e\000r\000\040\000S\000u\000m\000m\000a\000r\000y\000\040\000a\000n\000d\000\040\000R\000e\000m\000a\000i\000n\000i\000n\000g\000\040\000D\000e\000s\000i\000g\000n\000\040\000S\000p\000a\000c\000e}{chapter.3}% 42
